// Jest Snapshot v1, https://goo.gl/fbAQLP

exports[`renders correctly 1`] = `
<header
  className="MuiPaper-root MuiPaper-elevation4 MuiAppBar-root MuiAppBar-positionStatic MuiAppBar-colorPrimary"
  style={
    Object {
      "marginBottom": 10,
    }
  }
>
  <div
    className="MuiToolbar-root MuiToolbar-regular MuiToolbar-gutters"
  >
    <div
      className="MuiGrid-root MuiGrid-container MuiGrid-spacing-xs-3"
    >
      <div
        className="MuiGrid-root MuiGrid-item MuiGrid-grid-xs-5"
      >
        <button>
          <svg
            aria-hidden="true"
            className="MuiSvgIcon-root"
            focusable="false"
            role="presentation"
            viewBox="0 0 24 24"
          >
            <path
              d="M10 20v-6h4v6h5v-8h3L12 3 2 12h3v8z"
            />
            <path
              d="M0 0h24v24H0z"
              fill="none"
            />
          </svg>
          <span>
            „Éõ„Éº„É†
          </span>
        </button>
        <button>
          <svg
            aria-hidden="true"
            className="MuiSvgIcon-root"
            focusable="false"
            role="presentation"
            viewBox="0 0 24 24"
          >
            <path
              d="M0 0h24v24H0z"
              fill="none"
            />
            <path
              d="M7 2v11h3v9l7-12h-4l4-8z"
            />
          </svg>
          <span>
            „É¢„Éº„É°„É≥„Éà
          </span>
        </button>
        <button>
          <svg
            aria-hidden="true"
            className="MuiSvgIcon-root"
            focusable="false"
            role="presentation"
            viewBox="0 0 24 24"
          >
            <path
              d="M12 22c1.1 0 2-.9 2-2h-4c0 1.1.89 2 2 2zm6-6v-5c0-3.07-1.64-5.64-4.5-6.32V4c0-.83-.67-1.5-1.5-1.5s-1.5.67-1.5 1.5v.68C7.63 5.36 6 7.92 6 11v5l-2 2v1h16v-1l-2-2z"
            />
          </svg>
          <span>
            ÈÄöÁü•
          </span>
        </button>
        <button>
          <svg
            aria-hidden="true"
            className="MuiSvgIcon-root"
            focusable="false"
            role="presentation"
            viewBox="0 0 24 24"
          >
            <path
              d="M20 4H4c-1.1 0-1.99.9-1.99 2L2 18c0 1.1.9 2 2 2h16c1.1 0 2-.9 2-2V6c0-1.1-.9-2-2-2zm0 4l-8 5-8-5V6l8 5 8-5v2z"
            />
            <path
              d="M0 0h24v24H0z"
              fill="none"
            />
          </svg>
          <span>
            „É°„ÉÉ„Çª„Éº„Ç∏
          </span>
        </button>
      </div>
      <div
        className="MuiGrid-root MuiGrid-item MuiGrid-grid-xs-2"
      >
        <h6
          className="MuiTypography-root MuiTypography-h6"
          role="img"
          style={
            Object {
              "flexGrow": 1,
              "textAlign": "center",
            }
          }
        >
          <span
            aria-label="logo"
            role="img"
          >
            üê§
          </span>
        </h6>
      </div>
      <div
        className="MuiGrid-root MuiGrid-item MuiGrid-grid-xs-5"
      >
        <div
          style={
            Object {
              "display": "flex",
              "justifyContent": "flex-end",
            }
          }
        >
          <input
            placeholder="„Ç≠„Éº„ÉØ„Éº„ÉâÊ§úÁ¥¢"
          />
          <div
            className="MuiAvatar-root"
          >
            <img
              alt="Remy Sharp"
              className="MuiAvatar-img"
              src="https://next.material-ui.com/static/images/avatar/1.jpg"
            />
          </div>
          <button>
            „ÉÑ„Ç§„Éº„Éà
          </button>
        </div>
         
      </div>
    </div>
  </div>
</header>
`;
